Analyzing town_seek...                                          

  error - Target of URI doesn't exist: 'package:town_seek/screens/auth/super_admin_dashboard.dart' - lib\main.dart:11:8 - uri_does_not_exist
  error - The name 'SuperAdminDashboard' isn't a class - lib\main.dart:101:26 - creation_with_non_type
  error - Expected to find ')' - lib\screens\admin\business\business_admin_dashboard.dart:432:40 - expected_token
  error - Expected to find ']' - lib\screens\admin\business\business_admin_dashboard.dart:432:40 - expected_token
warning - This default clause is covered by the previous cases - lib\screens\admin\business\business_bookings_screen.dart:225:7 - unreachable_switch_default
  error - The element type 'Type' can't be assigned to the list type 'Widget' - lib\screens\admin\business\business_products_screen.dart:258:17 - list_element_type_not_assignable
  error - Expected to find ']' - lib\screens\admin\business\business_products_screen.dart:258:27 - expected_token
   info - Don't use 'BuildContext's across async gaps, guarded by an unrelated 'mounted' check - lib\screens\admin\business\business_products_screen.dart:513:41 - use_build_context_synchronously
   info - Don't use 'BuildContext's across async gaps, guarded by an unrelated 'mounted' check - lib\screens\admin\business\business_products_screen.dart:515:48 - use_build_context_synchronously
   info - Don't use 'BuildContext's across async gaps, guarded by an unrelated 'mounted' check - lib\screens\admin\business\business_products_screen.dart:524:47 - use_build_context_synchronously
   info - Don't use 'BuildContext's across async gaps, guarded by an unrelated 'mounted' check - lib\screens\admin\business\business_services_screen.dart:472:41 - use_build_context_synchronously
   info - Don't use 'BuildContext's across async gaps, guarded by an unrelated 'mounted' check - lib\screens\admin\business\business_services_screen.dart:474:48 - use_build_context_synchronously
   info - Don't use 'BuildContext's across async gaps, guarded by an unrelated 'mounted' check - lib\screens\admin\business\business_services_screen.dart:483:47 - use_build_context_synchronously

